Matmul results are consistent.

         CLASS_NAME|               NAME|     TIME(Sec)|    CALLS|           AVG|       PERF%
                                   total       0.001098                                     
            Mat_Demo         blas_matmul       0.000222         1       0.000222        20.2%
            Mat_Demo          operator *       0.000846         1       0.000846        77.0%
--------------------------------------------------------------------------------------------
